/*C1*/SET SCHEMA SYSTEM_LOBS
INSERT INTO BLOCKS VALUES(0,2147483647,0)
COMMIT
/*C2*/SET SCHEMA PUBLIC
 CREATE TABLE T_PROJECT\u000a(\u000aid int NOT NULL PRIMARY KEY,\u000aname varchar(64) NOT NULL,\u000aclient_name varchar(64) NOT NULL\u000a)
CREATE TABLE T_EMPLOYEE\u000a(\u000aid int NOT NULL PRIMARY KEY,\u000afirst_name varchar(64) NOT NULL,\u000alast_name varchar(64) NOT NULL,\u000aemail varchar(64) NOT NULL,\u000asalary decimal(16, 2) NOT NULL,\u000arole varchar(64) NOT NULL\u000a)
CREATE TABLE T_WORKS_ON\u000a(\u000aproject_id int NOT NULL,\u000aemployee_id int NOT NULL\u000a)
CREATE TABLE T_MANAGES\u000a(\u000aproject_id int NOT NULL,\u000amanager_id int NOT NULL\u000a)
INSERT INTO T_EMPLOYEE VALUES(101,'Sachin','Tendulkar','stendulkar@bcci.com',1000.00,'SOFTWARE_ENGINEER')
COMMIT
INSERT INTO T_EMPLOYEE VALUES(102,'Veerendar','Sehwag','vsehwag@bcci.com',800.00,'SOFTWARE_ENGINEER')
COMMIT
INSERT INTO T_EMPLOYEE VALUES(103,'Ravi','Shastri','rshastri@bcci.com',3000.00,'MANAGER')
COMMIT
INSERT INTO T_EMPLOYEE VALUES(104,'Virat','Kohli','vkohli@bcci.com',1100.00,'SOFTWARE_ENGINEER')
COMMIT
INSERT INTO T_EMPLOYEE VALUES(105,'Rohit','Sharma','rsharma@bcci.com',900.00,'SOFTWARE_ENGINEER')
COMMIT
INSERT INTO T_EMPLOYEE VALUES(107,'Ashok','Dinda','adinda@bcci.com',800.00,'TESTER')
COMMIT
INSERT INTO T_EMPLOYEE VALUES(106,'Sanjay','Bangar','sbangar@bcci.com',3100.00,'MANAGER')
COMMIT
/*C3*/SET SCHEMA PUBLIC
DISCONNECT
/*C4*/SET SCHEMA PUBLIC
INSERT INTO T_EMPLOYEE VALUES(108,'Sanjay','Manjrekar','sman@bcci.com',93100.00,'MANAGER')
COMMIT
DISCONNECT
/*C5*/SET SCHEMA PUBLIC
DISCONNECT
/*C6*/SET SCHEMA PUBLIC
DISCONNECT
/*C2*/INSERT INTO T_PROJECT VALUES(1,'Natwest','Airtel')
COMMIT
INSERT INTO T_PROJECT VALUES(2,'Victoria Bitter','9 Sports')
COMMIT
/*C7*/SET SCHEMA PUBLIC
DISCONNECT
/*C8*/SET SCHEMA PUBLIC
INSERT INTO T_PROJECT VALUES(3,'AEM','Chelsea')
COMMIT
DISCONNECT
/*C9*/SET SCHEMA PUBLIC
DISCONNECT
